#-----------------------------------------------------------
# Webtalk v2020.1 (64-bit)
# SW Build 2902540 on Wed May 27 19:54:35 MDT 2020
# IP Build 2902112 on Wed May 27 22:43:36 MDT 2020
# Start of session at: Tue Feb  9 21:15:16 2021
# Process ID: 36315
# Current directory: /home/fnavarro/cognition_Navarro_Facundo/cognition_Navarro_Facundo.sim/sim_1/behav/xsim
# Command line: wbtcv -mode batch -source /home/fnavarro/cognition_Navarro_Facundo/cognition_Navarro_Facundo.sim/sim_1/behav/xsim/xsim.dir/tb_Gen_Data_Ctrl_behav/webtalk/xsim_webtalk.tcl -notrace
# Log file: /home/fnavarro/cognition_Navarro_Facundo/cognition_Navarro_Facundo.sim/sim_1/behav/xsim/webtalk.log
# Journal file: /home/fnavarro/cognition_Navarro_Facundo/cognition_Navarro_Facundo.sim/sim_1/behav/xsim/webtalk.jou
#-----------------------------------------------------------
source /home/fnavarro/cognition_Navarro_Facundo/cognition_Navarro_Facundo.sim/sim_1/behav/xsim/xsim.dir/tb_Gen_Data_Ctrl_behav/webtalk/xsim_webtalk.tcl -notrace
